// Jest Snapshot v1, https://goo.gl/fbAQLP

exports[`Tooltip renders correctly 1`] = `
<div>
  <div
    className="hi-tooltip"
    onClick={[Function]}
    onMouseEnter={[Function]}
    onMouseLeave={[Function]}
    style={
      Object {
        "margin": "0 10px",
      }
    }
  >
    <button
      className="theme__hiui-blue hi-btn hi-btn--appearance--button hi-btn--size--normal hi-btn--type--line"
      disabled={false}
      onClick={[Function]}
      type="button"
    >
      Tooltip Top
    </button>
  </div>
  <div
    className="hi-tooltip"
    onClick={[Function]}
    onMouseEnter={[Function]}
    onMouseLeave={[Function]}
    style={
      Object {
        "margin": "0 10px",
      }
    }
  >
    <button
      className="theme__hiui-blue hi-btn hi-btn--appearance--button hi-btn--size--normal hi-btn--type--success"
      disabled={false}
      onClick={[Function]}
      type="button"
    >
      Tooltip Right
    </button>
  </div>
  <div
    className="hi-tooltip"
    onClick={[Function]}
    onMouseEnter={[Function]}
    onMouseLeave={[Function]}
    style={
      Object {
        "margin": "0 10px",
      }
    }
  >
    <button
      className="theme__hiui-blue hi-btn hi-btn--appearance--button hi-btn--size--normal hi-btn--type--warning"
      disabled={false}
      onClick={[Function]}
      type="button"
    >
      Tooltip Bottom
    </button>
  </div>
  <div
    className="hi-tooltip"
    onClick={[Function]}
    onMouseEnter={[Function]}
    onMouseLeave={[Function]}
    style={
      Object {
        "margin": "0 10px",
      }
    }
  >
    <button
      className="theme__hiui-blue hi-btn hi-btn--appearance--button hi-btn--size--normal hi-btn--type--danger"
      disabled={false}
      onClick={[Function]}
      type="button"
    >
      Tooltip Left
    </button>
  </div>
</div>
`;
